../Core/Src/main.c:121:5:main	144	static
../Core/Src/main.c:234:6:SystemClock_Config	88	static
../Core/Src/main.c:279:13:MX_NVIC_Init	8	static
../Core/Src/main.c:300:13:MX_I2C1_Init	8	static
../Core/Src/main.c:334:13:MX_TIM3_Init	32	static
../Core/Src/main.c:379:13:MX_USART2_UART_Init	8	static
../Core/Src/main.c:412:13:MX_USART6_UART_Init	8	static
../Core/Src/main.c:445:13:MX_GPIO_Init	48	static
../Core/Src/main.c:468:6:button_event	72	static
../Core/Src/main.c:569:6:LCD_update	96	static
../Core/Src/main.c:631:6:bluetooth_Event	192	static
../Core/Src/main.c:720:1:__io_putchar	16	static
../Core/Src/main.c:729:6:clock_calc	128	static
../Core/Src/main.c:765:6:alarm_min	16	static
../Core/Src/main.c:781:6:alarm_hour	16	static
../Core/Src/main.c:791:6:HAL_GPIO_EXTI_Callback	24	static
../Core/Src/main.c:818:6:HAL_TIM_PeriodElapsedCallback	16	static
../Core/Src/main.c:830:6:HAL_UART_RxCpltCallback	16	static
../Core/Src/main.c:871:6:Error_Handler	4	static,ignoring_inline_asm
